Peg solitaire board: senku
Peg solitaire data root: /Volumes/ponrava/senku-hestia
Workers: 8, queue capacity: 32
21:04:29 INFO  cz.coroptis.pegsolitaire.ParallelRoundProcessor - Processed 46473216 of 46637056 submitted states
21:05:29 INFO  cz.coroptis.pegsolitaire.ParallelRoundProcessor - Processed 90980352 of 91140096 submitted states
21:06:29 INFO  cz.coroptis.pegsolitaire.ParallelRoundProcessor - Processed 124248064 of 124411904 submitted states
21:07:29 INFO  cz.coroptis.pegsolitaire.ParallelRoundProcessor - Processed 167104512 of 167268352 submitted states
21:08:29 INFO  cz.coroptis.pegsolitaire.ParallelRoundProcessor - Processed 200601600 of 200765440 submitted states
21:09:29 INFO  cz.coroptis.pegsolitaire.ParallelRoundProcessor - Processed 238493696 of 238653440 submitted states
21:10:29 INFO  cz.coroptis.pegsolitaire.ParallelRoundProcessor - Processed 269512704 of 269676544 submitted states
21:11:29 INFO  cz.coroptis.pegsolitaire.ParallelRoundProcessor - Processed 313741312 of 313905152 submitted states
21:12:29 INFO  cz.coroptis.pegsolitaire.ParallelRoundProcessor - Processed 347680768 of 347844608 submitted states
21:13:29 INFO  cz.coroptis.pegsolitaire.ParallelRoundProcessor - Processed 375480320 of 375644160 submitted states
21:14:29 INFO  cz.coroptis.pegsolitaire.ParallelRoundProcessor - Processed 411459584 of 411623424 submitted states
21:15:29 INFO  cz.coroptis.pegsolitaire.ParallelRoundProcessor - Processed 444485632 of 444649472 submitted states
21:16:29 INFO  cz.coroptis.pegsolitaire.ParallelRoundProcessor - Processed 481775616 of 481939456 submitted states
21:17:29 INFO  cz.coroptis.pegsolitaire.ParallelRoundProcessor - Processed 510763008 of 510926848 submitted states
21:18:29 INFO  cz.coroptis.pegsolitaire.ParallelRoundProcessor - Processed 552161280 of 552321024 submitted states
21:19:29 INFO  cz.coroptis.pegsolitaire.ParallelRoundProcessor - Processed 581033984 of 581197824 submitted states
21:20:29 INFO  cz.coroptis.pegsolitaire.ParallelRoundProcessor - Processed 617992192 of 618151936 submitted states
21:21:29 INFO  cz.coroptis.pegsolitaire.ParallelRoundProcessor - Processed 645214208 of 645378048 submitted states
21:22:29 INFO  cz.coroptis.pegsolitaire.ParallelRoundProcessor - Processed 677298176 of 677462016 submitted states
21:23:29 INFO  cz.coroptis.pegsolitaire.ParallelRoundProcessor - Processed 711573504 of 711737344 submitted states
21:24:29 INFO  cz.coroptis.pegsolitaire.ParallelRoundProcessor - Processed 752361472 of 752525312 submitted states
Completed round 16 -> 17: processed=786896629, generated moves=13997833074, unique states=2171225023, elapsed=PT32M43.795615208S
